# Worktime · KW 18 · 27.04. – 03.05.2026

## Übersicht
- **Total**: 14h 45m / 40h 00m  (-9h 15m)
- **Werktage**: 3  ·  **Ziele**: 1 / 3  ·  **Streak**: 0 (best 1)
- **Schnitt**: 4h 55m

## Tage
- **Mo, 27.04.** — 3h 30m / 8h 00m
  - 09:00–12:30  (3h 30m)  [build]
- **Di, 28.04.** — 8h 30m / 8h 00m  ✓
  - 08:30–17:00  (8h 30m)  [review]  — PRs gemerged
- **Mi, 29.04.** — 2h 45m / 8h 00m
  - 09:15–12:00  (2h 45m)  [build]

## Tags
- **review** — 8h 30m
- **build** — 6h 15m

