BEGIN:VCALENDAR
VERSION:2.0
PRODID:-//serverkraken//flow worktime//DE
CALSCALE:GREGORIAN
METHOD:PUBLISH
BEGIN:VEVENT
UID:dayoff-20260501-87686141@flow.serverkraken
DTSTART;VALUE=DATE:20260501
DTEND;VALUE=DATE:20260502
SUMMARY:Tag der Arbeit (Feiertag)
CATEGORIES:Feiertag
TRANSP:TRANSPARENT
END:VEVENT
END:VCALENDAR
