mode: set
github.com/serverkraken/flow/internal/tui/screen/worktime/statsrange/route.go:47.70,49.2 1 1
github.com/serverkraken/flow/internal/tui/screen/worktime/statsrange/route.go:51.32,51.50 1 0
github.com/serverkraken/flow/internal/tui/screen/worktime/statsrange/route.go:53.32,53.54 1 1
github.com/serverkraken/flow/internal/tui/screen/worktime/statsrange/route.go:55.35,57.24 2 1
github.com/serverkraken/flow/internal/tui/screen/worktime/statsrange/route.go:57.24,61.17 4 1
github.com/serverkraken/flow/internal/tui/screen/worktime/statsrange/route.go:61.17,63.4 1 0
github.com/serverkraken/flow/internal/tui/screen/worktime/statsrange/route.go:64.3,65.48 2 1
github.com/serverkraken/flow/internal/tui/screen/worktime/statsrange/route.go:69.60,70.25 1 1
github.com/serverkraken/flow/internal/tui/screen/worktime/statsrange/route.go:71.17,73.19 2 1
github.com/serverkraken/flow/internal/tui/screen/worktime/statsrange/route.go:73.19,75.4 1 1
github.com/serverkraken/flow/internal/tui/screen/worktime/statsrange/route.go:76.3,76.16 1 1
github.com/serverkraken/flow/internal/tui/screen/worktime/statsrange/route.go:77.22,78.32 1 0
github.com/serverkraken/flow/internal/tui/screen/worktime/statsrange/route.go:78.32,80.4 1 0
github.com/serverkraken/flow/internal/tui/screen/worktime/statsrange/route.go:81.3,81.16 1 0
github.com/serverkraken/flow/internal/tui/screen/worktime/statsrange/route.go:82.23,83.17 1 1
github.com/serverkraken/flow/internal/tui/screen/worktime/statsrange/route.go:84.12,85.24 1 1
github.com/serverkraken/flow/internal/tui/screen/worktime/statsrange/route.go:85.24,88.5 2 1
github.com/serverkraken/flow/internal/tui/screen/worktime/statsrange/route.go:89.4,89.17 1 0
github.com/serverkraken/flow/internal/tui/screen/worktime/statsrange/route.go:90.12,91.23 1 1
github.com/serverkraken/flow/internal/tui/screen/worktime/statsrange/route.go:91.23,94.5 2 1
github.com/serverkraken/flow/internal/tui/screen/worktime/statsrange/route.go:95.4,95.17 1 0
github.com/serverkraken/flow/internal/tui/screen/worktime/statsrange/route.go:96.11,97.43 1 0
github.com/serverkraken/flow/internal/tui/screen/worktime/statsrange/route.go:97.43,99.5 1 0
github.com/serverkraken/flow/internal/tui/screen/worktime/statsrange/route.go:102.2,102.15 1 0
github.com/serverkraken/flow/internal/tui/screen/worktime/statsrange/route.go:105.44,106.15 1 1
github.com/serverkraken/flow/internal/tui/screen/worktime/statsrange/route.go:106.15,108.3 1 0
github.com/serverkraken/flow/internal/tui/screen/worktime/statsrange/route.go:109.2,109.18 1 1
github.com/serverkraken/flow/internal/tui/screen/worktime/statsrange/route.go:109.18,111.3 1 0
github.com/serverkraken/flow/internal/tui/screen/worktime/statsrange/route.go:112.2,113.22 2 1
github.com/serverkraken/flow/internal/tui/screen/worktime/statsrange/route.go:113.22,115.3 1 1
github.com/serverkraken/flow/internal/tui/screen/worktime/statsrange/route.go:116.2,130.27 5 1
github.com/serverkraken/flow/internal/tui/screen/worktime/statsrange/route.go:130.27,132.3 1 1
github.com/serverkraken/flow/internal/tui/screen/worktime/statsrange/route.go:133.2,133.24 1 1
github.com/serverkraken/flow/internal/tui/screen/worktime/statsrange/route.go:133.24,137.3 1 0
github.com/serverkraken/flow/internal/tui/screen/worktime/statsrange/route.go:138.2,138.19 1 1
github.com/serverkraken/flow/internal/tui/screen/worktime/statsrange/route.go:141.43,149.2 1 0
github.com/serverkraken/flow/internal/tui/screen/worktime/statsrange/route.go:153.60,154.16 1 0
github.com/serverkraken/flow/internal/tui/screen/worktime/statsrange/route.go:155.26,156.25 1 0
github.com/serverkraken/flow/internal/tui/screen/worktime/statsrange/route.go:158.2,158.12 1 0
github.com/serverkraken/flow/internal/tui/screen/worktime/statsrange/route.go:163.36,164.29 1 0
github.com/serverkraken/flow/internal/tui/screen/worktime/statsrange/route.go:166.58,167.14 1 0
github.com/serverkraken/flow/internal/tui/screen/worktime/statsrange/route.go:169.2,169.14 1 0
