mode: set
github.com/serverkraken/flow/internal/tui/screen/worktime/dayoffs/dialogs.go:42.57,46.2 3 1
github.com/serverkraken/flow/internal/tui/screen/worktime/dayoffs/dialogs.go:48.50,57.2 8 1
github.com/serverkraken/flow/internal/tui/screen/worktime/dayoffs/dialogs.go:59.53,60.29 1 1
github.com/serverkraken/flow/internal/tui/screen/worktime/dayoffs/dialogs.go:60.29,62.3 1 0
github.com/serverkraken/flow/internal/tui/screen/worktime/dayoffs/dialogs.go:63.2,66.15 4 1
github.com/serverkraken/flow/internal/tui/screen/worktime/dayoffs/dialogs.go:69.57,71.34 2 1
github.com/serverkraken/flow/internal/tui/screen/worktime/dayoffs/dialogs.go:71.34,72.33 1 1
github.com/serverkraken/flow/internal/tui/screen/worktime/dayoffs/dialogs.go:72.33,74.4 1 1
github.com/serverkraken/flow/internal/tui/screen/worktime/dayoffs/dialogs.go:76.2,77.15 2 1
github.com/serverkraken/flow/internal/tui/screen/worktime/dayoffs/dialogs.go:80.75,81.18 1 1
github.com/serverkraken/flow/internal/tui/screen/worktime/dayoffs/dialogs.go:82.20,83.30 1 1
github.com/serverkraken/flow/internal/tui/screen/worktime/dayoffs/dialogs.go:84.17,85.27 1 1
github.com/serverkraken/flow/internal/tui/screen/worktime/dayoffs/dialogs.go:86.20,89.16 3 1
github.com/serverkraken/flow/internal/tui/screen/worktime/dayoffs/dialogs.go:90.24,91.34 1 1
github.com/serverkraken/flow/internal/tui/screen/worktime/dayoffs/dialogs.go:93.2,93.15 1 0
github.com/serverkraken/flow/internal/tui/screen/worktime/dayoffs/dialogs.go:96.75,97.9 1 1
github.com/serverkraken/flow/internal/tui/screen/worktime/dayoffs/dialogs.go:98.28,99.24 1 0
github.com/serverkraken/flow/internal/tui/screen/worktime/dayoffs/dialogs.go:100.30,102.16 2 1
github.com/serverkraken/flow/internal/tui/screen/worktime/dayoffs/dialogs.go:102.16,104.4 1 0
github.com/serverkraken/flow/internal/tui/screen/worktime/dayoffs/dialogs.go:105.3,106.33 2 1
github.com/serverkraken/flow/internal/tui/screen/worktime/dayoffs/dialogs.go:107.34,108.46 1 0
github.com/serverkraken/flow/internal/tui/screen/worktime/dayoffs/dialogs.go:108.46,110.4 1 0
github.com/serverkraken/flow/internal/tui/screen/worktime/dayoffs/dialogs.go:111.58,112.25 1 1
github.com/serverkraken/flow/internal/tui/screen/worktime/dayoffs/dialogs.go:114.2,114.15 1 1
github.com/serverkraken/flow/internal/tui/screen/worktime/dayoffs/dialogs.go:117.72,118.16 1 1
github.com/serverkraken/flow/internal/tui/screen/worktime/dayoffs/dialogs.go:119.18,121.16 2 0
github.com/serverkraken/flow/internal/tui/screen/worktime/dayoffs/dialogs.go:122.31,124.16 2 1
github.com/serverkraken/flow/internal/tui/screen/worktime/dayoffs/dialogs.go:125.17,127.16 2 0
github.com/serverkraken/flow/internal/tui/screen/worktime/dayoffs/dialogs.go:128.20,129.43 1 1
github.com/serverkraken/flow/internal/tui/screen/worktime/dayoffs/dialogs.go:129.43,131.4 1 1
github.com/serverkraken/flow/internal/tui/screen/worktime/dayoffs/dialogs.go:132.3,133.16 2 0
github.com/serverkraken/flow/internal/tui/screen/worktime/dayoffs/dialogs.go:135.2,137.15 3 1
github.com/serverkraken/flow/internal/tui/screen/worktime/dayoffs/dialogs.go:140.33,146.2 4 1
github.com/serverkraken/flow/internal/tui/screen/worktime/dayoffs/dialogs.go:148.37,152.16 4 1
github.com/serverkraken/flow/internal/tui/screen/worktime/dayoffs/dialogs.go:152.16,154.3 1 0
github.com/serverkraken/flow/internal/tui/screen/worktime/dayoffs/dialogs.go:155.2,155.14 1 1
github.com/serverkraken/flow/internal/tui/screen/worktime/dayoffs/dialogs.go:155.14,157.3 1 1
github.com/serverkraken/flow/internal/tui/screen/worktime/dayoffs/dialogs.go:158.2,160.24 3 1
github.com/serverkraken/flow/internal/tui/screen/worktime/dayoffs/dialogs.go:160.24,163.81 3 1
github.com/serverkraken/flow/internal/tui/screen/worktime/dayoffs/dialogs.go:163.81,165.4 1 0
github.com/serverkraken/flow/internal/tui/screen/worktime/dayoffs/dialogs.go:166.3,166.21 1 1
github.com/serverkraken/flow/internal/tui/screen/worktime/dayoffs/dialogs.go:170.79,171.9 1 1
github.com/serverkraken/flow/internal/tui/screen/worktime/dayoffs/dialogs.go:172.28,173.24 1 0
github.com/serverkraken/flow/internal/tui/screen/worktime/dayoffs/dialogs.go:174.46,175.41 1 1
github.com/serverkraken/flow/internal/tui/screen/worktime/dayoffs/dialogs.go:175.41,177.4 1 1
github.com/serverkraken/flow/internal/tui/screen/worktime/dayoffs/dialogs.go:178.44,179.22 1 0
github.com/serverkraken/flow/internal/tui/screen/worktime/dayoffs/dialogs.go:179.22,181.4 1 0
github.com/serverkraken/flow/internal/tui/screen/worktime/dayoffs/dialogs.go:182.30,185.37 3 1
github.com/serverkraken/flow/internal/tui/screen/worktime/dayoffs/dialogs.go:187.2,187.15 1 1
github.com/serverkraken/flow/internal/tui/screen/worktime/dayoffs/dialogs.go:190.54,193.24 3 1
github.com/serverkraken/flow/internal/tui/screen/worktime/dayoffs/dialogs.go:193.24,196.71 3 1
github.com/serverkraken/flow/internal/tui/screen/worktime/dayoffs/dialogs.go:196.71,198.4 1 0
github.com/serverkraken/flow/internal/tui/screen/worktime/dayoffs/dialogs.go:199.3,199.21 1 1
github.com/serverkraken/flow/internal/tui/screen/worktime/dayoffs/dialogs.go:203.47,205.24 2 1
github.com/serverkraken/flow/internal/tui/screen/worktime/dayoffs/dialogs.go:205.24,208.52 3 1
github.com/serverkraken/flow/internal/tui/screen/worktime/dayoffs/dialogs.go:208.52,210.4 1 0
github.com/serverkraken/flow/internal/tui/screen/worktime/dayoffs/dialogs.go:211.3,211.21 1 1
github.com/serverkraken/flow/internal/tui/screen/worktime/dayoffs/dialogs.go:215.55,217.24 2 1
github.com/serverkraken/flow/internal/tui/screen/worktime/dayoffs/dialogs.go:217.24,220.54 3 1
github.com/serverkraken/flow/internal/tui/screen/worktime/dayoffs/dialogs.go:220.54,222.4 1 0
github.com/serverkraken/flow/internal/tui/screen/worktime/dayoffs/dialogs.go:223.3,223.21 1 1
github.com/serverkraken/flow/internal/tui/screen/worktime/dayoffs/dialogs.go:227.52,228.18 1 0
github.com/serverkraken/flow/internal/tui/screen/worktime/dayoffs/dialogs.go:229.20,230.101 1 0
github.com/serverkraken/flow/internal/tui/screen/worktime/dayoffs/dialogs.go:231.17,235.36 4 0
github.com/serverkraken/flow/internal/tui/screen/worktime/dayoffs/dialogs.go:235.36,237.4 1 0
github.com/serverkraken/flow/internal/tui/screen/worktime/dayoffs/dialogs.go:238.3,238.20 1 0
github.com/serverkraken/flow/internal/tui/screen/worktime/dayoffs/dialogs.go:239.20,240.30 1 0
github.com/serverkraken/flow/internal/tui/screen/worktime/dayoffs/dialogs.go:241.24,244.38 3 0
github.com/serverkraken/flow/internal/tui/screen/worktime/dayoffs/dialogs.go:244.38,246.19 2 0
github.com/serverkraken/flow/internal/tui/screen/worktime/dayoffs/dialogs.go:246.19,248.5 1 0
github.com/serverkraken/flow/internal/tui/screen/worktime/dayoffs/dialogs.go:249.4,249.83 1 0
github.com/serverkraken/flow/internal/tui/screen/worktime/dayoffs/dialogs.go:251.3,251.20 1 0
github.com/serverkraken/flow/internal/tui/screen/worktime/dayoffs/dialogs.go:253.2,253.11 1 0
github.com/serverkraken/flow/internal/tui/screen/worktime/dayoffs/dialogs.go:256.46,257.18 1 0
github.com/serverkraken/flow/internal/tui/screen/worktime/dayoffs/dialogs.go:258.20,259.85 1 0
github.com/serverkraken/flow/internal/tui/screen/worktime/dayoffs/dialogs.go:260.17,261.120 1 0
github.com/serverkraken/flow/internal/tui/screen/worktime/dayoffs/dialogs.go:262.20,263.85 1 0
github.com/serverkraken/flow/internal/tui/screen/worktime/dayoffs/dialogs.go:264.24,265.120 1 0
github.com/serverkraken/flow/internal/tui/screen/worktime/dayoffs/dialogs.go:267.2,267.12 1 0
github.com/serverkraken/flow/internal/tui/screen/worktime/dayoffs/dialogs.go:270.32,273.23 3 1
github.com/serverkraken/flow/internal/tui/screen/worktime/dayoffs/dialogs.go:273.23,274.27 1 1
github.com/serverkraken/flow/internal/tui/screen/worktime/dayoffs/dialogs.go:274.27,276.4 1 0
github.com/serverkraken/flow/internal/tui/screen/worktime/dayoffs/dialogs.go:277.3,277.25 1 1
github.com/serverkraken/flow/internal/tui/screen/worktime/dayoffs/dialogs.go:279.2,279.10 1 1
github.com/serverkraken/flow/internal/tui/screen/worktime/dayoffs/route.go:58.70,60.2 1 1
github.com/serverkraken/flow/internal/tui/screen/worktime/dayoffs/route.go:62.32,62.49 1 1
github.com/serverkraken/flow/internal/tui/screen/worktime/dayoffs/route.go:64.32,64.54 1 1
github.com/serverkraken/flow/internal/tui/screen/worktime/dayoffs/route.go:66.35,68.24 2 1
github.com/serverkraken/flow/internal/tui/screen/worktime/dayoffs/route.go:68.24,73.17 5 1
github.com/serverkraken/flow/internal/tui/screen/worktime/dayoffs/route.go:73.17,75.4 1 0
github.com/serverkraken/flow/internal/tui/screen/worktime/dayoffs/route.go:76.3,77.55 2 1
github.com/serverkraken/flow/internal/tui/screen/worktime/dayoffs/route.go:81.60,82.25 1 1
github.com/serverkraken/flow/internal/tui/screen/worktime/dayoffs/route.go:83.17,85.19 2 1
github.com/serverkraken/flow/internal/tui/screen/worktime/dayoffs/route.go:85.19,87.31 2 1
github.com/serverkraken/flow/internal/tui/screen/worktime/dayoffs/route.go:87.31,88.24 1 1
github.com/serverkraken/flow/internal/tui/screen/worktime/dayoffs/route.go:88.24,90.6 1 0
github.com/serverkraken/flow/internal/tui/screen/worktime/dayoffs/route.go:90.11,92.6 1 1
github.com/serverkraken/flow/internal/tui/screen/worktime/dayoffs/route.go:95.3,95.16 1 1
github.com/serverkraken/flow/internal/tui/screen/worktime/dayoffs/route.go:96.17,97.24 1 1
github.com/serverkraken/flow/internal/tui/screen/worktime/dayoffs/route.go:98.25,101.52 3 1
github.com/serverkraken/flow/internal/tui/screen/worktime/dayoffs/route.go:101.52,103.4 1 1
github.com/serverkraken/flow/internal/tui/screen/worktime/dayoffs/route.go:104.3,104.16 1 0
github.com/serverkraken/flow/internal/tui/screen/worktime/dayoffs/route.go:105.22,106.31 1 1
github.com/serverkraken/flow/internal/tui/screen/worktime/dayoffs/route.go:106.31,108.4 1 1
github.com/serverkraken/flow/internal/tui/screen/worktime/dayoffs/route.go:109.3,109.16 1 1
github.com/serverkraken/flow/internal/tui/screen/worktime/dayoffs/route.go:110.23,111.24 1 1
github.com/serverkraken/flow/internal/tui/screen/worktime/dayoffs/route.go:113.2,113.15 1 0
github.com/serverkraken/flow/internal/tui/screen/worktime/dayoffs/route.go:116.69,117.28 1 1
github.com/serverkraken/flow/internal/tui/screen/worktime/dayoffs/route.go:117.28,119.3 1 1
github.com/serverkraken/flow/internal/tui/screen/worktime/dayoffs/route.go:120.2,120.16 1 1
github.com/serverkraken/flow/internal/tui/screen/worktime/dayoffs/route.go:121.11,122.22 1 0
github.com/serverkraken/flow/internal/tui/screen/worktime/dayoffs/route.go:122.22,124.4 1 0
github.com/serverkraken/flow/internal/tui/screen/worktime/dayoffs/route.go:125.11,126.22 1 0
github.com/serverkraken/flow/internal/tui/screen/worktime/dayoffs/route.go:126.22,128.4 1 0
github.com/serverkraken/flow/internal/tui/screen/worktime/dayoffs/route.go:129.11,130.28 1 1
github.com/serverkraken/flow/internal/tui/screen/worktime/dayoffs/route.go:131.11,132.21 1 1
github.com/serverkraken/flow/internal/tui/screen/worktime/dayoffs/route.go:133.11,134.24 1 1
github.com/serverkraken/flow/internal/tui/screen/worktime/dayoffs/route.go:135.11,136.28 1 1
github.com/serverkraken/flow/internal/tui/screen/worktime/dayoffs/route.go:137.26,138.30 1 1
github.com/serverkraken/flow/internal/tui/screen/worktime/dayoffs/route.go:140.2,140.15 1 0
github.com/serverkraken/flow/internal/tui/screen/worktime/dayoffs/route.go:143.44,144.15 1 1
github.com/serverkraken/flow/internal/tui/screen/worktime/dayoffs/route.go:144.15,146.3 1 0
github.com/serverkraken/flow/internal/tui/screen/worktime/dayoffs/route.go:147.2,147.18 1 1
github.com/serverkraken/flow/internal/tui/screen/worktime/dayoffs/route.go:147.18,149.3 1 0
github.com/serverkraken/flow/internal/tui/screen/worktime/dayoffs/route.go:150.2,150.28 1 1
github.com/serverkraken/flow/internal/tui/screen/worktime/dayoffs/route.go:150.28,152.3 1 0
github.com/serverkraken/flow/internal/tui/screen/worktime/dayoffs/route.go:153.2,156.42 4 1
github.com/serverkraken/flow/internal/tui/screen/worktime/dayoffs/route.go:156.42,159.54 3 0
github.com/serverkraken/flow/internal/tui/screen/worktime/dayoffs/route.go:159.54,161.4 1 0
github.com/serverkraken/flow/internal/tui/screen/worktime/dayoffs/route.go:162.3,162.38 1 0
github.com/serverkraken/flow/internal/tui/screen/worktime/dayoffs/route.go:162.38,162.66 1 0
github.com/serverkraken/flow/internal/tui/screen/worktime/dayoffs/route.go:163.3,164.24 2 0
github.com/serverkraken/flow/internal/tui/screen/worktime/dayoffs/route.go:164.24,166.4 1 0
github.com/serverkraken/flow/internal/tui/screen/worktime/dayoffs/route.go:167.3,167.66 1 0
github.com/serverkraken/flow/internal/tui/screen/worktime/dayoffs/route.go:169.2,170.16 2 1
github.com/serverkraken/flow/internal/tui/screen/worktime/dayoffs/route.go:170.16,172.3 1 1
github.com/serverkraken/flow/internal/tui/screen/worktime/dayoffs/route.go:173.2,175.22 3 1
github.com/serverkraken/flow/internal/tui/screen/worktime/dayoffs/route.go:175.22,177.3 1 1
github.com/serverkraken/flow/internal/tui/screen/worktime/dayoffs/route.go:178.2,178.27 1 1
github.com/serverkraken/flow/internal/tui/screen/worktime/dayoffs/route.go:178.27,180.18 2 1
github.com/serverkraken/flow/internal/tui/screen/worktime/dayoffs/route.go:180.18,182.4 1 0
github.com/serverkraken/flow/internal/tui/screen/worktime/dayoffs/route.go:183.3,184.20 2 1
github.com/serverkraken/flow/internal/tui/screen/worktime/dayoffs/route.go:184.20,186.4 1 1
github.com/serverkraken/flow/internal/tui/screen/worktime/dayoffs/route.go:187.3,187.28 1 1
github.com/serverkraken/flow/internal/tui/screen/worktime/dayoffs/route.go:189.2,189.19 1 1
github.com/serverkraken/flow/internal/tui/screen/worktime/dayoffs/route.go:192.43,193.28 1 0
github.com/serverkraken/flow/internal/tui/screen/worktime/dayoffs/route.go:193.28,195.3 1 0
github.com/serverkraken/flow/internal/tui/screen/worktime/dayoffs/route.go:196.2,201.3 1 0
github.com/serverkraken/flow/internal/tui/screen/worktime/dayoffs/route.go:204.58,205.13 1 1
github.com/serverkraken/flow/internal/tui/screen/worktime/dayoffs/route.go:205.13,207.3 1 1
github.com/serverkraken/flow/internal/tui/screen/worktime/dayoffs/route.go:208.2,208.14 1 0
github.com/serverkraken/flow/internal/tui/screen/worktime/dayoffs/route.go:211.38,216.29 2 0
github.com/serverkraken/flow/internal/tui/screen/worktime/dayoffs/route.go:216.29,218.3 1 0
github.com/serverkraken/flow/internal/tui/screen/worktime/dayoffs/route.go:219.2,219.12 1 0
github.com/serverkraken/flow/internal/tui/screen/worktime/dayoffs/route.go:222.35,223.29 1 1
github.com/serverkraken/flow/internal/tui/screen/worktime/dayoffs/route.go:224.62,225.14 1 1
github.com/serverkraken/flow/internal/tui/screen/worktime/dayoffs/route.go:227.2,227.14 1 1
