mode: set
github.com/serverkraken/flow/internal/tui/screen/worktime/export/export_logic.go:11.65,15.16 4 1
github.com/serverkraken/flow/internal/tui/screen/worktime/export/export_logic.go:16.15,18.51 2 1
github.com/serverkraken/flow/internal/tui/screen/worktime/export/export_logic.go:19.12,21.72 2 0
github.com/serverkraken/flow/internal/tui/screen/worktime/export/export_logic.go:22.17,26.59 4 0
github.com/serverkraken/flow/internal/tui/screen/worktime/export/export_logic.go:27.10,28.52 1 0
github.com/serverkraken/flow/internal/tui/screen/worktime/export/export_logic.go:32.50,34.2 1 1
github.com/serverkraken/flow/internal/tui/screen/worktime/export/export_logic.go:36.37,37.17 1 1
github.com/serverkraken/flow/internal/tui/screen/worktime/export/export_logic.go:37.17,38.48 1 0
github.com/serverkraken/flow/internal/tui/screen/worktime/export/export_logic.go:38.48,40.4 1 0
github.com/serverkraken/flow/internal/tui/screen/worktime/export/export_logic.go:42.2,42.40 1 1
github.com/serverkraken/flow/internal/tui/screen/worktime/export/export_logic.go:42.40,43.48 1 0
github.com/serverkraken/flow/internal/tui/screen/worktime/export/export_logic.go:43.48,45.4 1 0
github.com/serverkraken/flow/internal/tui/screen/worktime/export/export_logic.go:47.2,47.13 1 1
github.com/serverkraken/flow/internal/tui/screen/worktime/export/export_logic.go:50.44,50.99 1 0
github.com/serverkraken/flow/internal/tui/screen/worktime/export/export_logic.go:51.44,53.2 1 0
github.com/serverkraken/flow/internal/tui/screen/worktime/export/export_logic.go:55.56,57.26 2 0
github.com/serverkraken/flow/internal/tui/screen/worktime/export/export_logic.go:57.26,58.15 1 0
github.com/serverkraken/flow/internal/tui/screen/worktime/export/export_logic.go:58.15,60.9 2 0
github.com/serverkraken/flow/internal/tui/screen/worktime/export/export_logic.go:63.2,63.47 1 0
github.com/serverkraken/flow/internal/tui/screen/worktime/export/route.go:44.92,45.16 1 1
github.com/serverkraken/flow/internal/tui/screen/worktime/export/route.go:45.16,47.3 1 0
github.com/serverkraken/flow/internal/tui/screen/worktime/export/route.go:48.2,53.3 2 1
github.com/serverkraken/flow/internal/tui/screen/worktime/export/route.go:56.32,56.51 1 1
github.com/serverkraken/flow/internal/tui/screen/worktime/export/route.go:57.32,57.46 1 0
github.com/serverkraken/flow/internal/tui/screen/worktime/export/route.go:59.60,60.25 1 1
github.com/serverkraken/flow/internal/tui/screen/worktime/export/route.go:61.15,63.16 2 1
github.com/serverkraken/flow/internal/tui/screen/worktime/export/route.go:64.14,66.16 2 0
github.com/serverkraken/flow/internal/tui/screen/worktime/export/route.go:67.23,68.24 1 1
github.com/serverkraken/flow/internal/tui/screen/worktime/export/route.go:70.2,70.15 1 0
github.com/serverkraken/flow/internal/tui/screen/worktime/export/route.go:73.69,75.50 1 1
github.com/serverkraken/flow/internal/tui/screen/worktime/export/route.go:75.50,77.3 1 0
github.com/serverkraken/flow/internal/tui/screen/worktime/export/route.go:78.2,78.9 1 1
github.com/serverkraken/flow/internal/tui/screen/worktime/export/route.go:79.60,80.30 1 0
github.com/serverkraken/flow/internal/tui/screen/worktime/export/route.go:81.28,82.30 1 0
github.com/serverkraken/flow/internal/tui/screen/worktime/export/route.go:83.30,84.23 1 1
github.com/serverkraken/flow/internal/tui/screen/worktime/export/route.go:85.53,87.28 2 0
github.com/serverkraken/flow/internal/tui/screen/worktime/export/route.go:87.28,89.4 1 0
github.com/serverkraken/flow/internal/tui/screen/worktime/export/route.go:90.3,90.20 1 0
github.com/serverkraken/flow/internal/tui/screen/worktime/export/route.go:91.34,92.37 1 0
github.com/serverkraken/flow/internal/tui/screen/worktime/export/route.go:92.37,93.36 1 0
github.com/serverkraken/flow/internal/tui/screen/worktime/export/route.go:93.36,95.5 1 0
github.com/serverkraken/flow/internal/tui/screen/worktime/export/route.go:96.4,96.12 1 0
github.com/serverkraken/flow/internal/tui/screen/worktime/export/route.go:98.20,100.37 2 0
github.com/serverkraken/flow/internal/tui/screen/worktime/export/route.go:100.37,100.53 1 0
github.com/serverkraken/flow/internal/tui/screen/worktime/export/route.go:102.2,102.15 1 0
github.com/serverkraken/flow/internal/tui/screen/worktime/export/route.go:107.71,108.30 1 1
github.com/serverkraken/flow/internal/tui/screen/worktime/export/route.go:108.30,110.3 1 1
github.com/serverkraken/flow/internal/tui/screen/worktime/export/route.go:111.2,111.16 1 0
github.com/serverkraken/flow/internal/tui/screen/worktime/export/route.go:112.26,113.25 1 0
github.com/serverkraken/flow/internal/tui/screen/worktime/export/route.go:115.2,115.12 1 0
github.com/serverkraken/flow/internal/tui/screen/worktime/export/route.go:118.37,119.17 1 0
github.com/serverkraken/flow/internal/tui/screen/worktime/export/route.go:120.9,122.27 2 0
github.com/serverkraken/flow/internal/tui/screen/worktime/export/route.go:122.27,124.4 1 0
github.com/serverkraken/flow/internal/tui/screen/worktime/export/route.go:125.3,125.18 1 0
github.com/serverkraken/flow/internal/tui/screen/worktime/export/route.go:126.9,128.18 2 0
github.com/serverkraken/flow/internal/tui/screen/worktime/export/route.go:132.51,133.17 1 0
github.com/serverkraken/flow/internal/tui/screen/worktime/export/route.go:134.9,137.18 3 0
github.com/serverkraken/flow/internal/tui/screen/worktime/export/route.go:138.9,141.18 3 0
github.com/serverkraken/flow/internal/tui/screen/worktime/export/route.go:142.9,144.22 2 0
github.com/serverkraken/flow/internal/tui/screen/worktime/export/route.go:148.31,149.19 1 0
github.com/serverkraken/flow/internal/tui/screen/worktime/export/route.go:149.19,151.3 1 0
github.com/serverkraken/flow/internal/tui/screen/worktime/export/route.go:154.34,157.32 3 1
github.com/serverkraken/flow/internal/tui/screen/worktime/export/route.go:157.32,160.3 2 1
github.com/serverkraken/flow/internal/tui/screen/worktime/export/route.go:161.2,161.21 1 1
github.com/serverkraken/flow/internal/tui/screen/worktime/export/route.go:161.21,164.3 2 1
github.com/serverkraken/flow/internal/tui/screen/worktime/export/route.go:165.2,167.24 3 1
github.com/serverkraken/flow/internal/tui/screen/worktime/export/route.go:167.24,171.17 4 1
github.com/serverkraken/flow/internal/tui/screen/worktime/export/route.go:171.17,173.4 1 0
github.com/serverkraken/flow/internal/tui/screen/worktime/export/route.go:174.3,174.54 1 1
github.com/serverkraken/flow/internal/tui/screen/worktime/export/route.go:174.54,176.4 1 0
github.com/serverkraken/flow/internal/tui/screen/worktime/export/route.go:177.3,177.29 1 1
github.com/serverkraken/flow/internal/tui/screen/worktime/export/route.go:181.44,184.44 3 1
github.com/serverkraken/flow/internal/tui/screen/worktime/export/route.go:184.44,186.21 2 1
github.com/serverkraken/flow/internal/tui/screen/worktime/export/route.go:186.21,189.4 2 1
github.com/serverkraken/flow/internal/tui/screen/worktime/export/route.go:190.3,190.50 1 1
github.com/serverkraken/flow/internal/tui/screen/worktime/export/route.go:192.2,197.20 6 1
github.com/serverkraken/flow/internal/tui/screen/worktime/export/route.go:197.20,199.3 1 1
github.com/serverkraken/flow/internal/tui/screen/worktime/export/route.go:200.2,200.19 1 1
github.com/serverkraken/flow/internal/tui/screen/worktime/export/route.go:204.43,211.2 1 0
github.com/serverkraken/flow/internal/tui/screen/worktime/export/route.go:214.52,219.2 4 1
github.com/serverkraken/flow/internal/tui/screen/worktime/export/route.go:223.57,228.2 4 1
