mode: set
github.com/serverkraken/flow/internal/tui/screen/worktime/week/route.go:44.70,46.2 1 1
github.com/serverkraken/flow/internal/tui/screen/worktime/week/route.go:48.32,48.50 1 1
github.com/serverkraken/flow/internal/tui/screen/worktime/week/route.go:50.32,50.54 1 1
github.com/serverkraken/flow/internal/tui/screen/worktime/week/route.go:52.35,54.24 2 1
github.com/serverkraken/flow/internal/tui/screen/worktime/week/route.go:54.24,59.3 4 1
github.com/serverkraken/flow/internal/tui/screen/worktime/week/route.go:62.60,63.25 1 1
github.com/serverkraken/flow/internal/tui/screen/worktime/week/route.go:64.17,66.16 2 1
github.com/serverkraken/flow/internal/tui/screen/worktime/week/route.go:67.22,68.32 1 0
github.com/serverkraken/flow/internal/tui/screen/worktime/week/route.go:68.32,70.4 1 0
github.com/serverkraken/flow/internal/tui/screen/worktime/week/route.go:71.3,71.16 1 0
github.com/serverkraken/flow/internal/tui/screen/worktime/week/route.go:72.23,73.42 1 1
github.com/serverkraken/flow/internal/tui/screen/worktime/week/route.go:73.42,75.4 1 1
github.com/serverkraken/flow/internal/tui/screen/worktime/week/route.go:77.2,77.15 1 0
github.com/serverkraken/flow/internal/tui/screen/worktime/week/route.go:80.44,81.15 1 1
github.com/serverkraken/flow/internal/tui/screen/worktime/week/route.go:81.15,83.3 1 0
github.com/serverkraken/flow/internal/tui/screen/worktime/week/route.go:84.2,84.18 1 1
github.com/serverkraken/flow/internal/tui/screen/worktime/week/route.go:84.18,86.3 1 0
github.com/serverkraken/flow/internal/tui/screen/worktime/week/route.go:87.2,90.27 4 1
github.com/serverkraken/flow/internal/tui/screen/worktime/week/route.go:90.27,92.16 2 1
github.com/serverkraken/flow/internal/tui/screen/worktime/week/route.go:92.16,94.4 1 1
github.com/serverkraken/flow/internal/tui/screen/worktime/week/route.go:95.3,96.22 2 1
github.com/serverkraken/flow/internal/tui/screen/worktime/week/route.go:96.22,98.4 1 1
github.com/serverkraken/flow/internal/tui/screen/worktime/week/route.go:99.3,102.36 2 1
github.com/serverkraken/flow/internal/tui/screen/worktime/week/route.go:104.2,104.19 1 1
github.com/serverkraken/flow/internal/tui/screen/worktime/week/route.go:107.43,114.2 1 0
github.com/serverkraken/flow/internal/tui/screen/worktime/week/route.go:118.60,119.16 1 1
github.com/serverkraken/flow/internal/tui/screen/worktime/week/route.go:120.26,121.25 1 1
github.com/serverkraken/flow/internal/tui/screen/worktime/week/route.go:123.2,123.12 1 0
github.com/serverkraken/flow/internal/tui/screen/worktime/week/route.go:128.36,129.29 1 0
github.com/serverkraken/flow/internal/tui/screen/worktime/week/route.go:131.58,132.14 1 0
github.com/serverkraken/flow/internal/tui/screen/worktime/week/route.go:134.2,134.14 1 0
