╭────────────────────────────────────────────────╮
│ C                                              │
│ ────────────────────────────────────────────── │
│   intro                                        │
│   ```sh                                        │
│   echo a                                       │
│   ```                                          │
│                                                │
│                                                │
│ j/k → scrollen  ·  q/esc/b → zurück            │
│  C                            Kopiert: sh 1/1  │
╰────────────────────────────────────────────────╯