╭────────────────────────────────────────────────╮
│ E                                              │
│ ────────────────────────────────────────────── │
│                                                │
│   Fehler: could not load source                │
│ j/k → scrollen  ·  q/esc/b → zurück            │
│  E                                       100%  │
│                                                │
│                                                │
│                                                │
│                                                │
╰────────────────────────────────────────────────╯