╭──────────────────────────────────────╮
│ eine-sehr-lange-kompendium-note-die… │
│ ──────────────────────────────────── │
│   body                               │
│                                      │
│                                      │
│                                      │
│ j/k → scrollen  ·  q/esc/b → zurück  │
│  eine-sehr-lange-kompendium-…  100%  │
╰──────────────────────────────────────╯