╭────────────────────────────────────────────────╮
│ S                                              │
│ ────────────────────────────────────────────── │
│   alpha                                        │
│   beta                                         │
│   gamma                                        │
│                                                │
│                                                │
│                                                │
│ j/k → scrollen  ·  / → suchen  ·  q/esc/b →    │
│ zurück                                         │
│  S                              Keine Treffer  │
╰────────────────────────────────────────────────╯