╭────────────────────────────────────────────────╮
│ S                                              │
│ ────────────────────────────────────────────── │
│ ▎ alpha foo bar                                │
│ ▎ beta foo qux                                 │
│   gamma                                        │
│                                                │
│                                                │
│                                                │
│ j/k → scrollen  ·  / → suchen  ·  q/esc/b →    │
│ zurück                                         │
│  S                                        1/2  │
╰────────────────────────────────────────────────╯