╭──────────────────────────────────────╮
│ Title                                │
│ ──────────────────────────────────── │
│   single line                        │
│                                      │
│                                      │
│                                      │
│                                      │
│                                      │
│ j/k → scrollen  ·  q/esc/b → zurück  │
│  Title                         100%  │
╰──────────────────────────────────────╯